// Jest Snapshot v1, https://goo.gl/fbAQLP

exports[`Render Login page when incorrect user and pwd   1`] = `
<DocumentFragment>
  <div
    class="makeStyles-root-55"
  >
    <header
      class="MuiPaper-root MuiAppBar-root MuiAppBar-positionAbsolute MuiAppBar-colorDefault makeStyles-appBar-56 MuiPaper-elevation4"
    >
      <div
        class="MuiToolbar-root MuiToolbar-regular MuiToolbar-gutters"
      >
        <h6
          class="MuiTypography-root MuiTypography-subtitle1 MuiTypography-colorInherit"
        >
          Shipping Label Maker
        </h6>
      </div>
    </header>
    <main
      class="MuiGrid-root makeStyles-root-55 MuiGrid-container"
    >
      <div
        class="MuiGrid-root makeStyles-image-62 MuiGrid-item MuiGrid-grid-sm-4 MuiGrid-grid-md-7"
      />
      <div
        class="MuiPaper-root MuiGrid-root MuiGrid-item MuiGrid-grid-xs-12 MuiGrid-grid-sm-8 MuiGrid-grid-md-5 MuiPaper-elevation6"
      >
        <div
          class="makeStyles-paper-58"
        >
          <div
            class="MuiAvatar-root MuiAvatar-circle makeStyles-avatar-63 MuiAvatar-colorDefault"
          >
            <svg
              aria-hidden="true"
              class="MuiSvgIcon-root"
              focusable="false"
              viewBox="0 0 24 24"
            >
              <path
                d="M18 8h-1V6c0-2.76-2.24-5-5-5S7 3.24 7 6v2H6c-1.1 0-2 .9-2 2v10c0 1.1.9 2 2 2h12c1.1 0 2-.9 2-2V10c0-1.1-.9-2-2-2zM9 6c0-1.66 1.34-3 3-3s3 1.34 3 3v2H9V6zm9 14H6V10h12v10zm-6-3c1.1 0 2-.9 2-2s-.9-2-2-2-2 .9-2 2 .9 2 2 2z"
              />
            </svg>
          </div>
          <h1
            class="MuiTypography-root MuiTypography-h5"
          >
            Sign in
          </h1>
          <h1
            class="MuiTypography-root MuiTypography-h5"
          />
          <form
            class="makeStyles-form-64"
            novalidate=""
          >
            <div
              class="MuiFormControl-root MuiTextField-root MuiFormControl-marginNormal MuiFormControl-fullWidth"
            >
              <label
                class="MuiFormLabel-root MuiInputLabel-root MuiInputLabel-formControl MuiInputLabel-animated MuiInputLabel-shrink MuiInputLabel-outlined Mui-focused Mui-focused Mui-required Mui-required"
                data-shrink="true"
                for="username"
                id="username-label"
              >
                Username
                <span
                  aria-hidden="true"
                  class="MuiFormLabel-asterisk MuiInputLabel-asterisk"
                >
                   *
                </span>
              </label>
              <div
                class="MuiInputBase-root MuiOutlinedInput-root MuiInputBase-fullWidth Mui-focused Mui-focused MuiInputBase-formControl"
              >
                <input
                  aria-invalid="false"
                  autocomplete="username"
                  class="MuiInputBase-input MuiOutlinedInput-input"
                  id="username"
                  name="username"
                  required=""
                  type="text"
                  value=""
                />
                <fieldset
                  aria-hidden="true"
                  class="PrivateNotchedOutline-root-70 MuiOutlinedInput-notchedOutline"
                >
                  <legend
                    class="PrivateNotchedOutline-legendLabelled-72 PrivateNotchedOutline-legendNotched-73"
                  >
                    <span>
                      Username *
                    </span>
                  </legend>
                </fieldset>
              </div>
            </div>
            <div
              class="MuiFormControl-root MuiTextField-root MuiFormControl-marginNormal MuiFormControl-fullWidth"
            >
              <label
                class="MuiFormLabel-root MuiInputLabel-root MuiInputLabel-formControl MuiInputLabel-animated MuiInputLabel-outlined Mui-required Mui-required"
                data-shrink="false"
                for="password"
                id="password-label"
              >
                Password
                <span
                  aria-hidden="true"
                  class="MuiFormLabel-asterisk MuiInputLabel-asterisk"
                >
                   *
                </span>
              </label>
              <div
                class="MuiInputBase-root MuiOutlinedInput-root MuiInputBase-fullWidth MuiInputBase-formControl"
              >
                <input
                  aria-invalid="false"
                  autocomplete="current-password"
                  class="MuiInputBase-input MuiOutlinedInput-input"
                  id="password"
                  name="password"
                  required=""
                  type="password"
                  value=""
                />
                <fieldset
                  aria-hidden="true"
                  class="PrivateNotchedOutline-root-70 MuiOutlinedInput-notchedOutline"
                >
                  <legend
                    class="PrivateNotchedOutline-legendLabelled-72"
                  >
                    <span>
                      Password *
                    </span>
                  </legend>
                </fieldset>
              </div>
            </div>
            <label
              class="MuiFormControlLabel-root"
            >
              <span
                aria-disabled="false"
                class="MuiButtonBase-root MuiIconButton-root PrivateSwitchBase-root-74 MuiCheckbox-root MuiCheckbox-colorPrimary MuiIconButton-colorPrimary"
              >
                <span
                  class="MuiIconButton-label"
                >
                  <input
                    class="PrivateSwitchBase-input-77"
                    data-indeterminate="false"
                    type="checkbox"
                    value="remember"
                  />
                  <svg
                    aria-hidden="true"
                    class="MuiSvgIcon-root"
                    focusable="false"
                    viewBox="0 0 24 24"
                  >
                    <path
                      d="M19 5v14H5V5h14m0-2H5c-1.1 0-2 .9-2 2v14c0 1.1.9 2 2 2h14c1.1 0 2-.9 2-2V5c0-1.1-.9-2-2-2z"
                    />
                  </svg>
                </span>
                <span
                  class="MuiTouchRipple-root"
                />
              </span>
              <span
                class="MuiTypography-root MuiFormControlLabel-label MuiTypography-body1"
              >
                Remember me
              </span>
            </label>
            <button
              class="MuiButtonBase-root MuiButton-root MuiButton-contained makeStyles-submit-65 MuiButton-containedPrimary MuiButton-fullWidth"
              id="login"
              tabindex="0"
              type="submit"
            >
              <span
                class="MuiButton-label"
              >
                Sign In
              </span>
              <span
                class="MuiTouchRipple-root"
              />
            </button>
            <div
              class="MuiGrid-root MuiGrid-container"
            >
              <div
                class="MuiGrid-root MuiGrid-item MuiGrid-grid-xs-true"
              >
                <a
                  class="MuiTypography-root MuiLink-root MuiLink-underlineHover MuiTypography-body2 MuiTypography-colorPrimary"
                  href="#"
                >
                  Forgot password?
                </a>
              </div>
              <div
                class="MuiGrid-root MuiGrid-item"
              >
                <a
                  class="MuiTypography-root MuiLink-root MuiLink-underlineHover MuiTypography-body2 MuiTypography-colorPrimary"
                  href="#"
                >
                  Don't have an account? Sign Up
                </a>
              </div>
            </div>
          </form>
        </div>
      </div>
    </main>
    <div>
      <footer
        class="makeStyles-footer-66"
      >
        <div
          class="MuiContainer-root MuiContainer-maxWidthSm"
        >
          <p
            class="MuiTypography-root MuiTypography-body1"
          >
            Shipping Label Marker
          </p>
          <p
            class="MuiTypography-root MuiTypography-body2 MuiTypography-colorTextSecondary"
          >
            Copyright © 
            <a
              class="MuiTypography-root MuiLink-root MuiLink-underlineHover MuiTypography-colorInherit"
              href="https://material-ui.com/"
            >
              Your Website
            </a>
             2020.
          </p>
        </div>
      </footer>
    </div>
  </div>
</DocumentFragment>
`;
